01000000000001011111011000100000000000000000000000000000000000000000000000000000
