01000000000010101000000000010000000000000000000000000000010000000000000001000000
