01000000000000011000000000001000000000000000000000000000000000000000000000000000
