Abc

Правило 1. Заменить каждую строчную латинскую букву соответствующей заглавной буквой.

ABC
