123

Правило 2. Удалить из текста все повторные вхождения его первого символа.

123
